======================================================================
QUICK TEST - UPLOAD AND QUERY
======================================================================

[1] Logging in...
